mode: set
isprime/main.go:3.13,8.2 3 0
isprime/main.go:10.36,12.22 1 1
isprime/main.go:15.2,15.11 1 1
isprime/main.go:18.2,18.25 1 1
isprime/main.go:23.2,23.22 1 1
isprime/main.go:12.22,14.3 1 1
isprime/main.go:15.11,17.3 1 1
isprime/main.go:18.25,19.15 1 1
isprime/main.go:19.15,21.4 1 1
